[backblue.gif]
[fade.gif]
[index.html]
[www.e-education.psu.edu/meteo3/misc/jquery1cc4.js]
[www.e-education.psu.edu/meteo3/misc/jquery.once7839.js]
[www.e-education.psu.edu/meteo3/misc/drupal48f3.js]
[www.e-education.psu.edu/meteo3/sites/all/modules/extlink/extlink48f3.js]
[www.e-education.psu.edu/meteo3/sites/all/modules/lightbox2/js/lightbox48f3.js]
[www.e-education.psu.edu/meteo3/sites/all/modules/custom_js_libraries/printable_links/printable_links48f3.js]
[www.e-education.psu.edu/meteo3/sites/all/modules/custom_js_libraries/toggler/toggler48f3.js]
[www.e-education.psu.edu/meteo3/sites/all/modules/saveguard/saveguard48f3.js]
[www.e-education.psu.edu/meteo3/sites/all/modules/responsive_menus/styles/responsive_menus_simple/js/responsive_menus_simple48f3.js]
[www.e-education.psu.edu/meteo3/sites/all/modules/google_analytics/googleanalytics48f3.js]
[www.google-analytics.com/analytics.js]
[www.e-education.psu.edu/meteo3/sites/all/libraries/superfish/jquery.hoverIntent.minified48f3.js]
[www.e-education.psu.edu/meteo3/sites/all/libraries/superfish/sfsmallscreen48f3.js]
[www.e-education.psu.edu/meteo3/sites/all/libraries/superfish/supposition48f3.js]
[www.e-education.psu.edu/meteo3/sites/all/libraries/superfish/superfish48f3.js]
[www.e-education.psu.edu/meteo3/sites/all/libraries/superfish/supersubs48f3.js]
[www.e-education.psu.edu/meteo3/sites/all/modules/superfish/superfish48f3.js]
[www.e-education.psu.edu/meteo3/sites/all/themes/omega/omega/js/jquery.formalize48f3.js]
[www.e-education.psu.edu/meteo3/sites/all/themes/omega/omega/js/omega-mediaqueries48f3.js]
[www.e-education.psu.edu/meteo3/sites/www.e-education.psu.edu.meteo3/files/images/lesson0/franklinwithkey.jpg]
[www.e-education.psu.edu/meteo3/sites/all/modules/print/icons/print_icon.png]
[www.e-education.psu.edu/library/sites/www.e-education.psu.edu.library/files/dutton_logo_revised.png]
[www.e-education.psu.edu/meteo3/index.html]
[www.e-education.psu.edu/library/sites/www.e-education.psu.edu.library/files/psu_logo.png]
[www.e-education.psu.edu/meteo3/node/1777.html]
[www.e-education.psu.edu/meteo3/misc/throbber-inactive.png]
[www.e-education.psu.edu/meteo3/misc/throbber-active.gif]
[www.e-education.psu.edu/meteo3/misc/grippie.png]
[www.e-education.psu.edu/meteo3/misc/draggable.png]
[www.e-education.psu.edu/meteo3/misc/tree.png]
[www.e-education.psu.edu/meteo3/misc/tree-bottom.png]
[www.e-education.psu.edu/meteo3/modules/system/system.base48f3.css]
[www.e-education.psu.edu/meteo3/misc/menu-expanded.png]
[www.e-education.psu.edu/meteo3/misc/menu-collapsed.png]
[www.e-education.psu.edu/meteo3/misc/menu-leaf.png]
[www.e-education.psu.edu/meteo3/modules/system/system.menus48f3.css]
[www.e-education.psu.edu/meteo3/misc/message-24-ok.png]
[www.e-education.psu.edu/meteo3/misc/message-24-warning.png]
[www.e-education.psu.edu/meteo3/misc/message-24-error.png]
[www.e-education.psu.edu/meteo3/modules/system/system.messages48f3.css]
[www.e-education.psu.edu/meteo3/misc/help.png]
[www.e-education.psu.edu/meteo3/misc/progress.gif]
[www.e-education.psu.edu/meteo3/modules/system/system.theme48f3.css]
[www.e-education.psu.edu/meteo3/sites/all/modules/iconizer/files_icons/icon_doc.gif]
[www.e-education.psu.edu/meteo3/sites/all/modules/iconizer/files_icons/icon_txt.gif]
[www.e-education.psu.edu/meteo3/sites/all/modules/iconizer/files_icons/icon_xls.gif]
[www.e-education.psu.edu/meteo3/sites/all/modules/iconizer/files_icons/icon_feed.gif]
[www.e-education.psu.edu/meteo3/sites/all/modules/iconizer/files_icons/icon_opml.gif]
[www.e-education.psu.edu/meteo3/sites/all/modules/iconizer/files_icons/icon_phps.gif]
[www.e-education.psu.edu/meteo3/sites/all/modules/iconizer/files_icons/icon_vcard.gif]
[www.e-education.psu.edu/meteo3/sites/all/modules/iconizer/files_icons/icon_exe.gif]
[www.e-education.psu.edu/meteo3/sites/all/modules/iconizer/files_icons/icon_dmg.gif]
[www.e-education.psu.edu/meteo3/sites/all/modules/iconizer/files_icons/icon_pps.gif]
[www.e-education.psu.edu/meteo3/sites/all/modules/iconizer/files_icons/icon_pdf.gif]
[www.e-education.psu.edu/meteo3/sites/all/modules/iconizer/files_icons/icon_plugin.gif]
[www.e-education.psu.edu/meteo3/sites/all/modules/iconizer/files_icons/icon_flash.gif]
[www.e-education.psu.edu/meteo3/sites/all/modules/iconizer/files_icons/icon_archive.gif]
[www.e-education.psu.edu/meteo3/sites/all/modules/iconizer/files_icons/icon_ical.gif]
[www.e-education.psu.edu/meteo3/sites/all/modules/iconizer/files_icons/icon_css.gif]
[www.e-education.psu.edu/meteo3/sites/all/modules/iconizer/files_icons/icon_ttf.gif]
[www.e-education.psu.edu/meteo3/sites/all/modules/iconizer/files_icons/icon_pic.gif]
[www.e-education.psu.edu/meteo3/sites/all/modules/iconizer/files_icons/icon_film.gif]
[www.e-education.psu.edu/meteo3/sites/all/modules/iconizer/files_icons/icon_music.gif]
[www.e-education.psu.edu/meteo3/sites/all/modules/iconizer/files_icons/icon_torrent.gif]
[www.e-education.psu.edu/meteo3/sites/all/modules/iconizer/files_icons/odt.gif]
[www.e-education.psu.edu/meteo3/sites/all/modules/iconizer/files_icons48f3.css]
[www.e-education.psu.edu/meteo3/sites/all/modules/iconizer/files_icons/odp.gif]
[www.e-education.psu.edu/meteo3/sites/all/modules/iconizer/proto_icons/icon_aim.gif]
[www.e-education.psu.edu/meteo3/sites/all/modules/iconizer/proto_icons/icon_msn.gif]
[www.e-education.psu.edu/meteo3/sites/all/modules/iconizer/proto_icons/icon_jabber.gif]
[www.e-education.psu.edu/meteo3/sites/all/modules/iconizer/proto_icons/icon_icq.gif]
[www.e-education.psu.edu/meteo3/sites/all/modules/iconizer/proto_icons/icon_yim.gif]
[www.e-education.psu.edu/meteo3/sites/all/modules/iconizer/proto_icons/icon_call.gif]
[www.e-education.psu.edu/meteo3/sites/all/modules/iconizer/proto_icons/icon_skype.gif]
[www.e-education.psu.edu/meteo3/sites/all/modules/iconizer/proto_icons/icon_gadugadu.gif]
[www.e-education.psu.edu/meteo3/sites/all/modules/iconizer/proto_icons/icon_mailto.gif]
[www.e-education.psu.edu/meteo3/sites/all/modules/iconizer/proto_icons48f3.css]
[www.e-education.psu.edu/meteo3/modules/book/book48f3.css]
[www.e-education.psu.edu/meteo3/modules/comment/comment48f3.css]
[www.e-education.psu.edu/meteo3/modules/field/theme/field48f3.css]
[www.e-education.psu.edu/meteo3/modules/node/node48f3.css]
[www.e-education.psu.edu/meteo3/modules/search/search48f3.css]
[www.e-education.psu.edu/meteo3/modules/user/user48f3.css]
[www.e-education.psu.edu/meteo3/sites/all/modules/extlink/extlink_s.png]
[www.e-education.psu.edu/meteo3/sites/all/modules/extlink/extlink48f3.css]
[www.e-education.psu.edu/meteo3/sites/all/modules/views/css/views48f3.css]
[www.e-education.psu.edu/meteo3/sites/all/modules/hidden_nodes/hidden_nodes48f3.css]
[www.e-education.psu.edu/meteo3/sites/all/modules/ctools/images/status-active.gif]
[www.e-education.psu.edu/meteo3/sites/all/modules/ctools/css/ctools48f3.css]
[www.e-education.psu.edu/meteo3/sites/all/modules/lightbox2/images/blank.gif]
[www.e-education.psu.edu/meteo3/sites/all/modules/lightbox2/images/prev.gif]
[www.e-education.psu.edu/meteo3/sites/all/modules/lightbox2/images/next.gif]
[www.e-education.psu.edu/meteo3/sites/all/modules/lightbox2/images/prev_hover.gif]
[www.e-education.psu.edu/meteo3/sites/all/modules/lightbox2/images/next_hover.gif]
[www.e-education.psu.edu/meteo3/sites/all/modules/lightbox2/images/overlay.png]
[www.e-education.psu.edu/meteo3/sites/all/modules/lightbox2/images/close.gif]
[www.e-education.psu.edu/meteo3/sites/all/modules/lightbox2/images/loading.gif]
[www.e-education.psu.edu/meteo3/sites/all/modules/lightbox2/images/expand.gif]
[www.e-education.psu.edu/meteo3/sites/all/modules/lightbox2/images/contract.gif]
[www.e-education.psu.edu/meteo3/sites/all/modules/lightbox2/images/play.png]
[www.e-education.psu.edu/meteo3/sites/all/modules/lightbox2/images/pause.png]
[www.e-education.psu.edu/meteo3/sites/all/modules/lightbox2/css/lightbox48f3.css]
[www.e-education.psu.edu/meteo3/sites/all/modules/print/print_ui/css/print_ui.theme48f3.css]
[www.e-education.psu.edu/meteo3/sites/all/modules/responsive_menus/styles/responsive_menus_simple/css/responsive_menus_simple48f3.css]
[www.e-education.psu.edu/meteo3/sites/all/libraries/superfish/images/arrows-ffffff.png]
[www.e-education.psu.edu/meteo3/sites/all/libraries/superfish/images/shadow.png]
[www.e-education.psu.edu/meteo3/sites/all/libraries/superfish/images/arrows-ffffff-rtl.png]
[www.e-education.psu.edu/meteo3/sites/all/libraries/superfish/css/superfish48f3.css]
[www.e-education.psu.edu/meteo3/sites/all/themes/meteo/print48f3.css]
[www.e-education.psu.edu/meteo3/sites/all/themes/omega/alpha/css/alpha-reset48f3.css]
[www.e-education.psu.edu/meteo3/sites/all/themes/omega/alpha/css/alpha-mobile48f3.css]
[www.e-education.psu.edu/meteo3/sites/all/themes/omega/alpha/css/alpha-alpha48f3.css]
[www.e-education.psu.edu/meteo3/sites/all/themes/omega/omega/images/button.png]
[www.e-education.psu.edu/meteo3/sites/all/themes/omega/omega/images/select-arrow.gif]
[www.e-education.psu.edu/meteo3/sites/all/themes/omega/omega/css/formalize48f3.css]
[www.e-education.psu.edu/meteo3/sites/all/themes/omega/omega/css/omega-text48f3.css]
[www.e-education.psu.edu/meteo3/sites/all/themes/omega/omega/css/omega-branding48f3.css]
[www.e-education.psu.edu/meteo3/sites/all/themes/omega/omega/css/omega-menu48f3.css]
[www.e-education.psu.edu/meteo3/sites/all/themes/omega/omega/css/omega-forms48f3.css]
[www.e-education.psu.edu/meteo3/sites/all/themes/omega/omega/css/omega-visuals48f3.css]
[www.e-education.psu.edu/meteo3/sites/all/themes/meteo/css/aleo-regular-webfont.woff]
[www.e-education.psu.edu/drupal7/sites/all/themes/meteo/css/METEO-mobile-brand-head.gif]
[courseware.e-education.psu.edu/dutton_drupal_theme_images/meteo_icons/icon-motivate-box.png]
[courseware.e-education.psu.edu/dutton_drupal_theme_images/meteo_icons/icon-prioritize-box.png]
[courseware.e-education.psu.edu/dutton_drupal_theme_images/meteo_icons/icon-reading-box.png]
[courseware.e-education.psu.edu/dutton_drupal_theme_images/meteo_icons/icon-explore-box.png]
[courseware.e-education.psu.edu/dutton_drupal_theme_images/meteo_icons/icon-keyskill-box.png]
[courseware.e-education.psu.edu/dutton_drupal_theme_images/meteo_icons/icon-casestudy-box.png]
[courseware.e-education.psu.edu/dutton_drupal_theme_images/meteo_icons/icon-quizyourself-box.png]
[courseware.e-education.psu.edu/dutton_drupal_theme_images/meteo_icons/icon-watch-box.png]
[www.e-education.psu.edu/meteo3/sites/all/themes/meteo/css/global48f3.css]
[courseware.e-education.psu.edu/dutton_drupal_theme_images/meteo_icons/icon-minute-box.png]
[www.e-education.psu.edu/meteo3/sites/all/themes/meteo/css/meteo-960-header.png]
[www.e-education.psu.edu/meteo3/sites/all/themes/meteo/css/meteo-960-branding.jpg]
[www.e-education.psu.edu/meteo3/sites/all/themes/meteo/css/meteo-alpha-default48f3.css]
[www.e-education.psu.edu/meteo3/sites/all/themes/meteo/css/meteo-720-header.png]
[www.e-education.psu.edu/meteo3/sites/all/themes/meteo/css/meteo-720-branding.jpg]
[www.e-education.psu.edu/meteo3/sites/all/themes/meteo/css/meteo-alpha-default-narrow48f3.css]
[www.e-education.psu.edu/meteo3/sites/all/themes/omega/alpha/css/grid/alpha_default/narrow/alpha-default-narrow-1248f3.css]
[www.e-education.psu.edu/meteo3/sites/all/themes/meteo/css/meteo-alpha-default-normal48f3.css]
[www.e-education.psu.edu/meteo3/sites/all/themes/omega/alpha/css/grid/alpha_default/normal/alpha-default-normal-1248f3.css]
[www.e-education.psu.edu/meteo3/syllabus.html]
[www.e-education.psu.edu/meteo3/orientation.html]
[www.e-education.psu.edu/meteo3/node/1940.html]
[www.e-education.psu.edu/meteo3/node/2257.html]
[www.e-education.psu.edu/meteo3/taxonomy/term/1/feed]
[www.e-education.psu.edu/meteo3/misc/feed.png]
[www.e-education.psu.edu/meteo3/taxonomy/term/1.html]
[www.e-education.psu.edu/meteo3/print/1777.html]
[www.e-education.psu.edu/meteo3/sites/www.e-education.psu.edu.meteo3/files/images/lesson1/tools.jpg]
[www.e-education.psu.edu/meteo3/l1.html]
[www.e-education.psu.edu/meteo3/sites/www.e-education.psu.edu.meteo3/files/images/lesson2/accounting.jpg]
[www.e-education.psu.edu/meteo3/l2.html]
[www.e-education.psu.edu/meteo3/sites/www.e-education.psu.edu.meteo3/files/images/lesson3/galileo_thermometer.jpg]
[www.e-education.psu.edu/meteo3/l3.html]
[www.e-education.psu.edu/meteo3/sites/www.e-education.psu.edu.meteo3/files/images/lesson4/fog_boat.jpg]
[www.e-education.psu.edu/meteo3/sites/www.e-education.psu.edu.meteo3/files/images/lesson4/marsdustdevil2.gif]
[www.e-education.psu.edu/meteo3/l4.html]
[www.e-education.psu.edu/meteo3/sites/www.e-education.psu.edu.meteo3/files/images/lesson5/remote_sensing0301.jpg]
[xenophilius.files.wordpress.com/2009/11/forced-perspective.jpg]
[www.e-education.psu.edu/meteo3/l5.html]
[www.e-education.psu.edu/meteo3/sites/www.e-education.psu.edu.meteo3/files/images/lesson6/nittanylion_vane.jpg]
[www.e-education.psu.edu/meteo3/l6.html]
[www.e-education.psu.edu/meteo3/sites/www.e-education.psu.edu.meteo3/files/images/lesson9/blizzard0901.jpg]
[www.e-education.psu.edu/meteo3/l7.html]
[www.e-education.psu.edu/meteo3/sites/www.e-education.psu.edu.meteo3/files/images/lesson8/thunderstorm.jpg]
[www.e-education.psu.edu/meteo3/l8.html]
[www.e-education.psu.edu/meteo3/sites/www.e-education.psu.edu.meteo3/files/images/lesson9/late_spring_035__Small_.jpg]
[www.e-education.psu.edu/meteo3/l9.html]
[www.e-education.psu.edu/meteo3/sites/www.e-education.psu.edu.meteo3/files/images/lesson10/pollution.jpg]
[www.e-education.psu.edu/meteo3/l10.html]
[www.e-education.psu.edu/meteo3/sites/www.e-education.psu.edu.meteo3/files/images/lesson11/beach.jpg]
[www.e-education.psu.edu/meteo3/l11.html]
[www.e-education.psu.edu/meteo3/sites/www.e-education.psu.edu.meteo3/files/images/lesson12/HurricaneKatrina.jpg]
[www.e-education.psu.edu/meteo3/sites/www.e-education.psu.edu.meteo3/files/images/lesson10/costliest_disasters.png]
[www.e-education.psu.edu/meteo3/l12.html]
[www.e-education.psu.edu/meteo3/sites/www.e-education.psu.edu.meteo3/files/images/lesson13/dartboard.jpg]
[www.e-education.psu.edu/meteo3/l13.html]
[www.e-education.psu.edu/index.html]
[www.e-education.psu.edu/sites/default/files/dutton-d.png]
[www.e-education.psu.edu/sites/all/modules/google_analytics/googleanalytics6cd0.js]
[www.e-education.psu.edu/sites/all/themes/omega/omega/js/jquery.formalize6cd0.js]
[www.e-education.psu.edu/sites/all/themes/omega/omega/js/omega-mediaqueries6cd0.js]
[www.e-education.psu.edu/news.html]
[www.e-education.psu.edu/sites/all/libraries/jssor_image_slider/jssor.core6cd0.js]
[www.e-education.psu.edu/sites/all/libraries/jssor_image_slider/jssor.slider6cd0.js]
[www.e-education.psu.edu/sites/all/libraries/jssor_image_slider/jssor.utils6cd0.js]
[www.e-education.psu.edu/sites/all/libraries/jssor_image_slider/jssor_init6cd0.js]
[www.e-education.psu.edu/sites/default/files/files/DuttonInstitute_StrategicPlan_2014-19.pdf]
[www.e-education.psu.edu/about.html]
[www.e-education.psu.edu/sites/default/files/walker_4_EES.gif]
[www.e-education.psu.edu/contact.html]
[www.e-education.psu.edu/node/4.html]
[www.e-education.psu.edu/sites/default/files/images/snapshots.jpg]
[www.e-education.psu.edu/node/3.html]
[www.e-education.psu.edu/node/5.html]
[www.e-education.psu.edu/node/6.html]
[www.e-education.psu.edu/meteo3/sites/all/themes/meteo/aleo-regular-webfont.html]
[www.e-education.psu.edu/meteo3/node/2259.html]
[www.e-education.psu.edu/techspecs.html]
[www.e-education.psu.edu/meteo3/print/2259.html]
[www.e-education.psu.edu/meteo3/node/2074.html]
[www.e-education.psu.edu/meteo3/node/1938.html]
[www.e-education.psu.edu/meteo3/node/2228.html]
[www.e-education.psu.edu/meteo3/print/book/export/html/2074.html]
[www.e-education.psu.edu/meteo3/node/2079.html]
[www.e-education.psu.edu/meteo3/node/2080.html]
[www.e-education.psu.edu/meteo3/node/2081.html]
[www.e-education.psu.edu/meteo3/node/2082.html]
[www.e-education.psu.edu/meteo3/node/2078.html]
[www.e-education.psu.edu/meteo3/node/2258.html]
[www.e-education.psu.edu/meteo3/print/book/export/html/1940.html]
[www.e-education.psu.edu/meteo3/print/2257.html]
[www.e-education.psu.edu/meteo3/modules/taxonomy/taxonomy48f3.css]
[www.e-education.psu.edu/meteo3/node/2252.html]
[www.e-education.psu.edu/meteo3/node/1941.html]
[www.e-education.psu.edu/meteo3/l1_p2.html]
[www.e-education.psu.edu/meteo3/print/book/export/html/1941.html]
[www.e-education.psu.edu/meteo3/l1_p3.html]
[www.e-education.psu.edu/meteo3/l1_p4.html]
[www.e-education.psu.edu/meteo3/l1_p5.html]
[www.e-education.psu.edu/meteo3/l1_p6.html]
[www.e-education.psu.edu/meteo3/l1_p7.html]
[www.e-education.psu.edu/meteo3/l1_p8.html]
[www.e-education.psu.edu/meteo3/l1_p9.html]
[www.e-education.psu.edu/meteo3/l1_p10.html]
[www.e-education.psu.edu/meteo3/l1_p11.html]
[www.e-education.psu.edu/meteo3/node/1952.html]
[www.e-education.psu.edu/meteo3/l2_p2.html]
[www.e-education.psu.edu/meteo3/print/book/export/html/1952.html]
[www.e-education.psu.edu/meteo3/l2_p3.html]
[www.e-education.psu.edu/meteo3/l2_p4.html]
[www.e-education.psu.edu/meteo3/l2_p5.html]
[www.e-education.psu.edu/meteo3/l2_p6.html]
[www.e-education.psu.edu/meteo3/l2_p7.html]
[www.e-education.psu.edu/meteo3/l2_p8.html]
[www.e-education.psu.edu/meteo3/l2_p9.html]
[www.e-education.psu.edu/meteo3/l2_p10.html]
[www.e-education.psu.edu/meteo3/node/1964.html]
[www.e-education.psu.edu/meteo3/l3_p2.html]
[www.e-education.psu.edu/meteo3/print/book/export/html/1964.html]
[www.e-education.psu.edu/meteo3/l3_p3.html]
[www.e-education.psu.edu/meteo3/l3_p4.html]
[www.e-education.psu.edu/meteo3/l3_p5.html]
[www.e-education.psu.edu/meteo3/l3_p6.html]
[www.e-education.psu.edu/meteo3/l3_p7.html]
[www.e-education.psu.edu/meteo3/l3_p8.html]
[www.e-education.psu.edu/meteo3/l3_p9.html]
[www.e-education.psu.edu/meteo3/l3_p10.html]
[www.e-education.psu.edu/meteo3/node/1977.html]
[www.e-education.psu.edu/meteo3/l4_p2.html]
[www.e-education.psu.edu/meteo3/print/book/export/html/1977.html]
[www.e-education.psu.edu/meteo3/l4_p3.html]
[www.e-education.psu.edu/meteo3/l4_p4.html]
[www.e-education.psu.edu/meteo3/node/2223.html]
[www.e-education.psu.edu/meteo3/l4_p5.html]
[www.e-education.psu.edu/meteo3/l4_p6.html]
[www.e-education.psu.edu/meteo3/l4_p7.html]
[www.e-education.psu.edu/meteo3/l4_p8.html]
[www.e-education.psu.edu/meteo3/node/1988.html]
[www.e-education.psu.edu/meteo3/node/2224.html]
[www.e-education.psu.edu/meteo3/print/book/export/html/1988.html]
[www.e-education.psu.edu/meteo3/l5_p2.html]
[www.e-education.psu.edu/meteo3/l5_p3.html]
[www.e-education.psu.edu/meteo3/l5_p4.html]
[www.e-education.psu.edu/meteo3/l5_p5.html]
[www.e-education.psu.edu/meteo3/l5_p6.html]
[www.e-education.psu.edu/meteo3/l5_p7.html]
[www.e-education.psu.edu/meteo3/l5_p8.html]
[www.e-education.psu.edu/meteo3/l5_p9.html]
[www.e-education.psu.edu/meteo3/l5_p10.html]
[www.e-education.psu.edu/meteo3/node/1998.html]
[www.e-education.psu.edu/meteo3/l6_p2.html]
[www.e-education.psu.edu/meteo3/print/book/export/html/1998.html]
[www.e-education.psu.edu/meteo3/l6_p3.html]
[www.e-education.psu.edu/meteo3/l6_p4.html]
[www.e-education.psu.edu/meteo3/l6_p5.html]
[www.e-education.psu.edu/meteo3/l6_p6.html]
[www.e-education.psu.edu/meteo3/node/2226.html]
[www.e-education.psu.edu/meteo3/l6_p7.html]
[www.e-education.psu.edu/meteo3/node/2227.html]
[www.e-education.psu.edu/meteo3/l6_p8.html]
[www.e-education.psu.edu/meteo3/l6_p9.html]
[www.e-education.psu.edu/meteo3/node/2009.html]
[www.e-education.psu.edu/meteo3/l7_p2.html]
[www.e-education.psu.edu/meteo3/print/book/export/html/2009.html]
[www.e-education.psu.edu/meteo3/node/2244.html]
[www.e-education.psu.edu/meteo3/l7_p4.html]
[www.e-education.psu.edu/meteo3/l7_p5.html]
[www.e-education.psu.edu/meteo3/l7_p6.html]
[www.e-education.psu.edu/meteo3/l7_p7.html]
[www.e-education.psu.edu/meteo3/l7_p8.html]
[www.e-education.psu.edu/meteo3/l7_p9.html]
[www.e-education.psu.edu/meteo3/node/2019.html]
[www.e-education.psu.edu/meteo3/node/2230.html]
[www.e-education.psu.edu/meteo3/print/book/export/html/2019.html]
[www.e-education.psu.edu/meteo3/l8_p3.html]
[www.e-education.psu.edu/meteo3/node/2231.html]
[www.e-education.psu.edu/meteo3/l8_p4.html]
[www.e-education.psu.edu/meteo3/l8_p2.html]
[www.e-education.psu.edu/meteo3/l8_p5.html]
[www.e-education.psu.edu/meteo3/node/2269.html]
[www.e-education.psu.edu/meteo3/node/2270.html]
[www.e-education.psu.edu/meteo3/node/2026.html]
[www.e-education.psu.edu/meteo3/l9_p2.html]
[www.e-education.psu.edu/meteo3/print/book/export/html/2026.html]
[www.e-education.psu.edu/meteo3/l9_p3.html]
[www.e-education.psu.edu/meteo3/node/2232.html]
[www.e-education.psu.edu/meteo3/l9_p4.html]
[www.e-education.psu.edu/meteo3/l9_p7.html]
[www.e-education.psu.edu/meteo3/l9_p5.html]
[www.e-education.psu.edu/meteo3/l9_p9.html]
[www.e-education.psu.edu/meteo3/l9_p8.html]
[www.e-education.psu.edu/meteo3/l9_p6.html]
[www.e-education.psu.edu/meteo3/node/2037.html]
[www.e-education.psu.edu/meteo3/l10_p2.html]
[www.e-education.psu.edu/meteo3/print/book/export/html/2037.html]
[www.e-education.psu.edu/meteo3/node/2246.html]
[www.e-education.psu.edu/meteo3/l10_p3.html]
[www.e-education.psu.edu/meteo3/l10_p5.html]
[www.e-education.psu.edu/meteo3/l10_p6.html]
[www.e-education.psu.edu/meteo3/l10_p7.html]
[www.e-education.psu.edu/meteo3/l10_p9.html]
[www.e-education.psu.edu/meteo3/l10_p11.html]
[www.e-education.psu.edu/meteo3/l10_p10.html]
[www.e-education.psu.edu/meteo3/node/2044.html]
[www.e-education.psu.edu/meteo3/l11_p2.html]
[www.e-education.psu.edu/meteo3/print/book/export/html/2044.html]
[www.e-education.psu.edu/meteo3/l11_p3.html]
[www.e-education.psu.edu/meteo3/l11_p4.html]
[www.e-education.psu.edu/meteo3/l11_p5.html]
[www.e-education.psu.edu/meteo3/l11_p6.html]
[www.e-education.psu.edu/meteo3/l11_p7.html]
[www.e-education.psu.edu/meteo3/node/2271.html]
[www.e-education.psu.edu/meteo3/node/2272.html]
[www.e-education.psu.edu/meteo3/node/2273.html]
[www.e-education.psu.edu/meteo3/node/2051.html]
[www.e-education.psu.edu/meteo3/l12_p2.html]
[www.e-education.psu.edu/meteo3/print/book/export/html/2051.html]
[www.e-education.psu.edu/meteo3/l12_p3.html]
[www.e-education.psu.edu/meteo3/l12_p4.html]
[www.e-education.psu.edu/meteo3/l12_p5.html]
[www.e-education.psu.edu/meteo3/l12_p6.html]
[www.e-education.psu.edu/meteo3/node/2240.html]
[www.e-education.psu.edu/meteo3/node/2275.html]
[www.e-education.psu.edu/meteo3/node/2276.html]
[www.e-education.psu.edu/meteo3/node/2277.html]
[www.e-education.psu.edu/meteo3/node/2278.html]
[www.e-education.psu.edu/meteo3/node/2281.html]
[www.e-education.psu.edu/meteo3/print/book/export/html/2278.html]
[www.e-education.psu.edu/meteo3/node/2282.html]
[www.e-education.psu.edu/meteo3/node/2283.html]
[www.e-education.psu.edu/meteo3/node/2284.html]
[www.e-education.psu.edu/meteo3/node/2285.html]
[www.e-education.psu.edu/meteo3/node/2286.html]
[www.e-education.psu.edu/meteo3/node/2287.html]
[www.e-education.psu.edu/meteo3/node/2288.html]
[www.e-education.psu.edu/sites/all/modules/date/date_api/date6cd0.css]
[www.e-education.psu.edu/sites/all/modules/date/date_popup/themes/datepicker.1.76cd0.css]
[www.e-education.psu.edu/sites/all/modules/views/css/views6cd0.css]
[www.e-education.psu.edu/sites/all/modules/ctools/css/ctools6cd0.css]
[www.e-education.psu.edu/sites/all/modules/panels/css/panels6cd0.css]
[www.e-education.psu.edu/sites/all/themes/dutton/css/system.theme6cd0.css]
[www.e-education.psu.edu/sites/all/themes/omega/alpha/css/alpha-reset6cd0.css]
[www.e-education.psu.edu/sites/all/themes/omega/alpha/css/alpha-mobile6cd0.css]
[www.e-education.psu.edu/sites/all/themes/omega/alpha/css/alpha-alpha6cd0.css]
[www.e-education.psu.edu/sites/all/themes/omega/omega/css/formalize6cd0.css]
[www.e-education.psu.edu/sites/all/themes/omega/omega/css/omega-text6cd0.css]
[www.e-education.psu.edu/sites/all/themes/omega/omega/css/omega-branding6cd0.css]
[www.e-education.psu.edu/sites/all/themes/omega/omega/css/omega-menu6cd0.css]
[www.e-education.psu.edu/sites/all/themes/omega/omega/css/omega-forms6cd0.css]
[www.e-education.psu.edu/sites/all/themes/omega/omega/css/omega-visuals6cd0.css]
[www.e-education.psu.edu/sites/all/themes/dutton/css/global6cd0.css]
[www.e-education.psu.edu/sites/all/themes/dutton/css/dutton-alpha-default6cd0.css]
[www.e-education.psu.edu/sites/all/themes/dutton/css/dutton-alpha-default-narrow6cd0.css]
[www.e-education.psu.edu/sites/all/themes/omega/alpha/css/grid/alpha_default/narrow/alpha-default-narrow-126cd0.css]
[www.e-education.psu.edu/sites/all/themes/dutton/css/dutton-alpha-default-normal6cd0.css]
[www.e-education.psu.edu/sites/all/themes/omega/alpha/css/grid/alpha_default/normal/alpha-default-normal-126cd0.css]
[www.e-education.psu.edu/sites/all/themes/dutton/css/dutton-alpha-default-wide6cd0.css]
[www.e-education.psu.edu/sites/all/themes/omega/alpha/css/grid/alpha_default/wide/alpha-default-wide-126cd0.css]
[www.e-education.psu.edu/programs.html]
[www.e-education.psu.edu/people.html]
[www.e-education.psu.edu/donate.html]
[www.e-education.psu.edu/node/106.html]
[www.e-education.psu.edu/node/105.html]
[www.e-education.psu.edu/node/104.html]
[www.e-education.psu.edu/node/103.html]
[www.e-education.psu.edu/node/100.html]
[www.e-education.psu.edu/node/99.html]
[www.e-education.psu.edu/node/94.html]
[www.e-education.psu.edu/node/90.html]
[www.e-education.psu.edu/node/89.html]
[www.e-education.psu.edu/node/88.html]
[www.e-education.psu.edu/news2679.html]
[www.e-education.psu.edu/news4658.html]
[www.e-education.psu.edu/aggregator.html]
[www.e-education.psu.edu/node/1.html]
[www.e-education.psu.edu/node/12.html]
[www.e-education.psu.edu/node/2.html]
[www.e-education.psu.edu/taylor.html]
[www.e-education.psu.edu/node/92.html]
[www.e-education.psu.edu/spaugh.html]
[www.e-education.psu.edu/Capparelle.html]
[www.e-education.psu.edu/Isett.html]
[www.e-education.psu.edu/node/57.html]
[www.e-education.psu.edu/emily_baxter.html]
[www.e-education.psu.edu/baxter.html]
[www.e-education.psu.edu/earth501/orientation/instructor_hardwig.html]
[www.e-education.psu.edu/ba850/orientation/instructor.html]
[www.e-education.psu.edu/node/83.html]
[www.e-education.psu.edu/ebf301/node/684.html]
[www.e-education.psu.edu/zeiders.html]
[www.e-education.psu.edu/research.html]
[www.e-education.psu.edu/node/14.html]
[www.wpc.ncep.noaa.gov/sfc/bwsfc.gif]
