[backblue.gif]
[fade.gif]
[index.html]
[www.e-education.psu.edu/meteo469/misc/jquery1cc4.js]
[www.e-education.psu.edu/meteo469/misc/jquery.once7839.js]
[www.e-education.psu.edu/meteo469/misc/drupal57c0.js]
[www.e-education.psu.edu/meteo469/sites/all/modules/extlink/extlink57c0.js]
[www.e-education.psu.edu/meteo469/sites/all/modules/mathjax/mathjax57c0.js]
[www.e-education.psu.edu/meteo469/sites/all/modules/custom_js_libraries/printable_links/printable_links57c0.js]
[www.e-education.psu.edu/meteo469/sites/all/modules/custom_js_libraries/toggler/toggler57c0.js]
[www.e-education.psu.edu/meteo469/sites/all/modules/responsive_menus/styles/responsive_menus_simple/js/responsive_menus_simple57c0.js]
[www.e-education.psu.edu/meteo469/sites/all/modules/google_analytics/googleanalytics57c0.js]
[www.google-analytics.com/analytics.js]
[cdnjs.cloudflare.com/ajax/libs/mathjax/2.7.0/MathJaxdda6.js]
[www.e-education.psu.edu/meteo469/sites/all/libraries/superfish/jquery.hoverIntent.minified57c0.js]
[www.e-education.psu.edu/meteo469/sites/all/libraries/superfish/sfsmallscreen57c0.js]
[www.e-education.psu.edu/meteo469/sites/all/libraries/superfish/supposition57c0.js]
[www.e-education.psu.edu/meteo469/sites/all/libraries/superfish/superfish57c0.js]
[www.e-education.psu.edu/meteo469/sites/all/libraries/superfish/supersubs57c0.js]
[www.e-education.psu.edu/meteo469/sites/all/modules/superfish/superfish57c0.js]
[www.e-education.psu.edu/meteo469/sites/all/themes/omega/omega/js/jquery.formalize57c0.js]
[www.e-education.psu.edu/meteo469/sites/all/themes/omega/omega/js/omega-mediaqueries57c0.js]
[www.e-education.psu.edu/meteo469/sites/www.e-education.psu.edu.meteo469/files/meteo_0.png]
[www.e-education.psu.edu/meteo469/sites/all/modules/print/icons/print_icon.png]
[www.e-education.psu.edu/meteo469/sites/www.e-education.psu.edu.meteo469/files/images/DirePredictions2.jpg]
[www.e-education.psu.edu/library/sites/www.e-education.psu.edu.library/files/dutton_logo_revised.png]
[www.e-education.psu.edu/library/sites/www.e-education.psu.edu.library/files/psu_logo.png]
[www.e-education.psu.edu/meteo469/index.html]
[www.e-education.psu.edu/meteo469/node/31.html]
[www.e-education.psu.edu/meteo469/misc/throbber-inactive.png]
[www.e-education.psu.edu/meteo469/misc/throbber-active.gif]
[www.e-education.psu.edu/meteo469/misc/grippie.png]
[www.e-education.psu.edu/meteo469/misc/draggable.png]
[www.e-education.psu.edu/meteo469/misc/tree.png]
[www.e-education.psu.edu/meteo469/misc/tree-bottom.png]
[www.e-education.psu.edu/meteo469/modules/system/system.base57c0.css]
[www.e-education.psu.edu/meteo469/misc/menu-expanded.png]
[www.e-education.psu.edu/meteo469/misc/menu-collapsed.png]
[www.e-education.psu.edu/meteo469/misc/menu-leaf.png]
[www.e-education.psu.edu/meteo469/modules/system/system.menus57c0.css]
[www.e-education.psu.edu/meteo469/misc/message-24-ok.png]
[www.e-education.psu.edu/meteo469/misc/message-24-warning.png]
[www.e-education.psu.edu/meteo469/modules/system/system.messages57c0.css]
[www.e-education.psu.edu/meteo469/misc/message-24-error.png]
[www.e-education.psu.edu/meteo469/misc/help.png]
[www.e-education.psu.edu/meteo469/misc/progress.gif]
[www.e-education.psu.edu/meteo469/modules/system/system.theme57c0.css]
[www.e-education.psu.edu/meteo469/sites/all/modules/iconizer/files_icons/icon_doc.gif]
[www.e-education.psu.edu/meteo469/sites/all/modules/iconizer/files_icons/icon_txt.gif]
[www.e-education.psu.edu/meteo469/sites/all/modules/iconizer/files_icons/icon_xls.gif]
[www.e-education.psu.edu/meteo469/sites/all/modules/iconizer/files_icons/icon_feed.gif]
[www.e-education.psu.edu/meteo469/sites/all/modules/iconizer/files_icons/icon_opml.gif]
[www.e-education.psu.edu/meteo469/sites/all/modules/iconizer/files_icons/icon_phps.gif]
[www.e-education.psu.edu/meteo469/sites/all/modules/iconizer/files_icons/icon_vcard.gif]
[www.e-education.psu.edu/meteo469/sites/all/modules/iconizer/files_icons/icon_exe.gif]
[www.e-education.psu.edu/meteo469/sites/all/modules/iconizer/files_icons/icon_dmg.gif]
[www.e-education.psu.edu/meteo469/sites/all/modules/iconizer/files_icons/icon_pps.gif]
[www.e-education.psu.edu/meteo469/sites/all/modules/iconizer/files_icons/icon_pdf.gif]
[www.e-education.psu.edu/meteo469/sites/all/modules/iconizer/files_icons/icon_plugin.gif]
[www.e-education.psu.edu/meteo469/sites/all/modules/iconizer/files_icons/icon_flash.gif]
[www.e-education.psu.edu/meteo469/sites/all/modules/iconizer/files_icons/icon_archive.gif]
[www.e-education.psu.edu/meteo469/sites/all/modules/iconizer/files_icons/icon_ical.gif]
[www.e-education.psu.edu/meteo469/sites/all/modules/iconizer/files_icons/icon_css.gif]
[www.e-education.psu.edu/meteo469/sites/all/modules/iconizer/files_icons/icon_ttf.gif]
[www.e-education.psu.edu/meteo469/sites/all/modules/iconizer/files_icons/icon_pic.gif]
[www.e-education.psu.edu/meteo469/sites/all/modules/iconizer/files_icons/icon_film.gif]
[www.e-education.psu.edu/meteo469/sites/all/modules/iconizer/files_icons/icon_music.gif]
[www.e-education.psu.edu/meteo469/sites/all/modules/iconizer/files_icons/icon_torrent.gif]
[www.e-education.psu.edu/meteo469/sites/all/modules/iconizer/files_icons/odt.gif]
[www.e-education.psu.edu/meteo469/sites/all/modules/iconizer/files_icons/odp.gif]
[www.e-education.psu.edu/meteo469/sites/all/modules/iconizer/files_icons57c0.css]
[www.e-education.psu.edu/meteo469/sites/all/modules/iconizer/proto_icons/icon_aim.gif]
[www.e-education.psu.edu/meteo469/sites/all/modules/iconizer/proto_icons/icon_msn.gif]
[www.e-education.psu.edu/meteo469/sites/all/modules/iconizer/proto_icons/icon_jabber.gif]
[www.e-education.psu.edu/meteo469/sites/all/modules/iconizer/proto_icons/icon_icq.gif]
[www.e-education.psu.edu/meteo469/sites/all/modules/iconizer/proto_icons/icon_yim.gif]
[www.e-education.psu.edu/meteo469/sites/all/modules/iconizer/proto_icons/icon_call.gif]
[www.e-education.psu.edu/meteo469/sites/all/modules/iconizer/proto_icons/icon_skype.gif]
[www.e-education.psu.edu/meteo469/sites/all/modules/iconizer/proto_icons/icon_gadugadu.gif]
[www.e-education.psu.edu/meteo469/sites/all/modules/iconizer/proto_icons/icon_mailto.gif]
[www.e-education.psu.edu/meteo469/sites/all/modules/iconizer/proto_icons57c0.css]
[www.e-education.psu.edu/meteo469/modules/book/book57c0.css]
[www.e-education.psu.edu/meteo469/modules/field/theme/field57c0.css]
[www.e-education.psu.edu/meteo469/modules/node/node57c0.css]
[www.e-education.psu.edu/meteo469/modules/search/search57c0.css]
[www.e-education.psu.edu/meteo469/modules/user/user57c0.css]
[www.e-education.psu.edu/meteo469/sites/all/modules/extlink/extlink_s.png]
[www.e-education.psu.edu/meteo469/sites/all/modules/extlink/extlink57c0.css]
[www.e-education.psu.edu/meteo469/sites/all/modules/hidden_nodes/hidden_nodes57c0.css]
[www.e-education.psu.edu/meteo469/sites/all/modules/print/print_ui/css/print_ui.theme57c0.css]
[www.e-education.psu.edu/meteo469/sites/all/modules/responsive_menus/styles/responsive_menus_simple/css/responsive_menus_simple57c0.css]
[www.e-education.psu.edu/meteo469/sites/all/libraries/superfish/images/arrows-ffffff.png]
[www.e-education.psu.edu/meteo469/sites/all/libraries/superfish/images/shadow.png]
[www.e-education.psu.edu/meteo469/sites/all/libraries/superfish/images/arrows-ffffff-rtl.png]
[www.e-education.psu.edu/meteo469/sites/all/libraries/superfish/css/superfish57c0.css]
[www.e-education.psu.edu/meteo469/sites/all/themes/esp/print57c0.css]
[www.e-education.psu.edu/meteo469/sites/all/themes/omega/alpha/css/alpha-reset57c0.css]
[www.e-education.psu.edu/meteo469/sites/all/themes/omega/alpha/css/alpha-mobile57c0.css]
[www.e-education.psu.edu/meteo469/sites/all/themes/omega/alpha/css/alpha-alpha57c0.css]
[www.e-education.psu.edu/meteo469/sites/all/themes/omega/omega/images/button.png]
[www.e-education.psu.edu/meteo469/sites/all/themes/omega/omega/images/select-arrow.gif]
[www.e-education.psu.edu/meteo469/sites/all/themes/omega/omega/css/formalize57c0.css]
[www.e-education.psu.edu/meteo469/sites/all/themes/omega/omega/css/omega-text57c0.css]
[www.e-education.psu.edu/meteo469/sites/all/themes/omega/omega/css/omega-branding57c0.css]
[www.e-education.psu.edu/meteo469/sites/all/themes/omega/omega/css/omega-menu57c0.css]
[www.e-education.psu.edu/meteo469/sites/all/themes/omega/omega/css/omega-forms57c0.css]
[www.e-education.psu.edu/meteo469/sites/all/themes/omega/omega/css/omega-visuals57c0.css]
[www.e-education.psu.edu/meteo469/sites/all/themes/esp/css/aleo-regular-webfont.woff]
[www.e-education.psu.edu/meteo469/sites/all/themes/esp/css/ESP-mobile-brand-head.gif]
[www.e-education.psu.edu/meteo469/sites/all/themes/esp/css/global57c0.css]
[www.e-education.psu.edu/meteo469/sites/all/themes/esp/css/esp-960-header.png]
[www.e-education.psu.edu/meteo469/sites/all/themes/esp/css/esp-alpha-default57c0.css]
[www.e-education.psu.edu/meteo469/sites/all/themes/esp/css/esp-960-branding.jpg]
[www.e-education.psu.edu/meteo469/sites/all/themes/esp/css/esp-720-header.png]
[www.e-education.psu.edu/meteo469/sites/all/themes/esp/css/esp-720-branding.jpg]
[www.e-education.psu.edu/meteo469/sites/all/themes/esp/css/esp-alpha-default-narrow57c0.css]
[www.e-education.psu.edu/meteo469/sites/all/themes/omega/alpha/css/grid/alpha_default/narrow/alpha-default-narrow-1257c0.css]
[www.e-education.psu.edu/meteo469/sites/all/themes/esp/css/esp-alpha-default-normal57c0.css]
[www.e-education.psu.edu/meteo469/sites/all/themes/omega/alpha/css/grid/alpha_default/normal/alpha-default-normal-1257c0.css]
[www.e-education.psu.edu/drupal7/sites/all/libraries/icons/print_icon.gif]
[www.e-education.psu.edu/meteo469/syllabus.html]
[www.e-education.psu.edu/meteo469/node/260.html]
[www.e-education.psu.edu/meteo469/node/111.html]
[www.e-education.psu.edu/meteo469/node/242.html]
[www.e-education.psu.edu/meteo469/sites/www.e-education.psu.edu.meteo469/files/image_normal.jpg]
[www.e-education.psu.edu/meteo469/sites/www.e-education.psu.edu.meteo469/files/images/MannTree.jpg]
[www.e-education.psu.edu/meteo469/node/230.html]
[www.e-education.psu.edu/meteo469/node/55.html]
[www.e-education.psu.edu/meteo469/print/31.html]
[www.e-education.psu.edu/meteo469/node/112.html]
[www.e-education.psu.edu/meteo469/node/118.html]
[www.e-education.psu.edu/meteo469/node/128.html]
[www.e-education.psu.edu/meteo469/node/135.html]
[www.e-education.psu.edu/meteo469/node/139.html]
[www.e-education.psu.edu/meteo469/node/144.html]
[www.e-education.psu.edu/meteo469/node/149.html]
[www.e-education.psu.edu/meteo469/node/155.html]
[www.e-education.psu.edu/meteo469/node/164.html]
[www.e-education.psu.edu/meteo469/node/174.html]
[www.e-education.psu.edu/meteo469/node/178.html]
[www.e-education.psu.edu/meteo469/node/185.html]
[www.e-education.psu.edu/meteo469/sites/all/themes/esp/aleo-regular-webfont.html]
[www.e-education.psu.edu/meteo469/node/261.html]
[www.e-education.psu.edu/meteo469/print/261.html]
[www.e-education.psu.edu/meteo469/node/44.html]
[www.e-education.psu.edu/meteo469/print/book/export/html/260.html]
[www.e-education.psu.edu/meteo469/node/47.html]
[www.e-education.psu.edu/meteo469/node/48.html]
[www.e-education.psu.edu/meteo469/node/49.html]
[www.e-education.psu.edu/meteo469/node/50.html]
[www.e-education.psu.edu/meteo469/node/51.html]
[www.e-education.psu.edu/meteo469/node/52.html]
[www.e-education.psu.edu/meteo469/node/53.html]
[www.e-education.psu.edu/meteo469/node/54.html]
[www.e-education.psu.edu/meteo469/print/book/export/html/111.html]
[www.e-education.psu.edu/meteo469/print/242.html]
[www.e-education.psu.edu/meteo469/print/book/export/html/230.html]
[www.e-education.psu.edu/meteo469/print/55.html]
[www.e-education.psu.edu/meteo469/node/248.html]
[www.e-education.psu.edu/meteo469/print/book/export/html/112.html]
[www.e-education.psu.edu/meteo469/node/113.html]
[www.e-education.psu.edu/meteo469/node/114.html]
[www.e-education.psu.edu/meteo469/node/115.html]
[www.e-education.psu.edu/meteo469/node/202.html]
[www.e-education.psu.edu/meteo469/node/203.html]
[www.e-education.psu.edu/meteo469/node/116.html]
[www.e-education.psu.edu/meteo469/node/125.html]
[www.e-education.psu.edu/meteo469/node/117.html]
[www.e-education.psu.edu/meteo469/node/249.html]
[www.e-education.psu.edu/meteo469/print/book/export/html/118.html]
[www.e-education.psu.edu/meteo469/node/119.html]
[www.e-education.psu.edu/meteo469/node/120.html]
[www.e-education.psu.edu/meteo469/node/121.html]
[www.e-education.psu.edu/meteo469/node/122.html]
[www.e-education.psu.edu/meteo469/node/123.html]
[www.e-education.psu.edu/meteo469/node/208.html]
[www.e-education.psu.edu/meteo469/node/209.html]
[www.e-education.psu.edu/meteo469/node/126.html]
[www.e-education.psu.edu/meteo469/node/124.html]
[www.e-education.psu.edu/meteo469/node/250.html]
[www.e-education.psu.edu/meteo469/print/book/export/html/128.html]
[www.e-education.psu.edu/meteo469/node/130.html]
[www.e-education.psu.edu/meteo469/node/131.html]
[www.e-education.psu.edu/meteo469/node/211.html]
[www.e-education.psu.edu/meteo469/node/132.html]
[www.e-education.psu.edu/meteo469/node/215.html]
[www.e-education.psu.edu/meteo469/node/133.html]
[www.e-education.psu.edu/meteo469/node/134.html]
[www.e-education.psu.edu/meteo469/node/194.html]
[www.e-education.psu.edu/meteo469/node/129.html]
[www.e-education.psu.edu/meteo469/node/251.html]
[www.e-education.psu.edu/meteo469/print/book/export/html/135.html]
[www.e-education.psu.edu/meteo469/node/136.html]
[www.e-education.psu.edu/meteo469/node/137.html]
[www.e-education.psu.edu/meteo469/node/210.html]
[www.e-education.psu.edu/meteo469/node/195.html]
[www.e-education.psu.edu/meteo469/node/138.html]
[www.e-education.psu.edu/meteo469/node/252.html]
[www.e-education.psu.edu/meteo469/print/book/export/html/139.html]
[www.e-education.psu.edu/meteo469/node/198.html]
[www.e-education.psu.edu/meteo469/node/212.html]
[www.e-education.psu.edu/meteo469/node/140.html]
[www.e-education.psu.edu/meteo469/node/141.html]
[www.e-education.psu.edu/meteo469/node/216.html]
[www.e-education.psu.edu/meteo469/node/142.html]
[www.e-education.psu.edu/meteo469/node/196.html]
[www.e-education.psu.edu/meteo469/node/143.html]
[www.e-education.psu.edu/meteo469/node/253.html]
[www.e-education.psu.edu/meteo469/print/book/export/html/144.html]
[www.e-education.psu.edu/meteo469/node/145.html]
[www.e-education.psu.edu/meteo469/node/146.html]
[www.e-education.psu.edu/meteo469/node/213.html]
[www.e-education.psu.edu/meteo469/node/147.html]
[www.e-education.psu.edu/meteo469/node/206.html]
[www.e-education.psu.edu/meteo469/node/238.html]
[www.e-education.psu.edu/meteo469/node/148.html]
[www.e-education.psu.edu/meteo469/node/254.html]
[www.e-education.psu.edu/meteo469/print/book/export/html/149.html]
[www.e-education.psu.edu/meteo469/node/150.html]
[www.e-education.psu.edu/meteo469/node/151.html]
[www.e-education.psu.edu/meteo469/node/152.html]
[www.e-education.psu.edu/meteo469/node/218.html]
[www.e-education.psu.edu/meteo469/node/153.html]
[www.e-education.psu.edu/meteo469/node/154.html]
[www.e-education.psu.edu/meteo469/node/255.html]
[www.e-education.psu.edu/meteo469/print/book/export/html/155.html]
[www.e-education.psu.edu/meteo469/node/156.html]
[www.e-education.psu.edu/meteo469/node/157.html]
[www.e-education.psu.edu/meteo469/node/158.html]
[www.e-education.psu.edu/meteo469/node/159.html]
[www.e-education.psu.edu/meteo469/node/160.html]
[www.e-education.psu.edu/meteo469/node/219.html]
[www.e-education.psu.edu/meteo469/node/217.html]
[www.e-education.psu.edu/meteo469/node/239.html]
[www.e-education.psu.edu/meteo469/node/161.html]
[www.e-education.psu.edu/meteo469/node/256.html]
[www.e-education.psu.edu/meteo469/print/book/export/html/164.html]
[www.e-education.psu.edu/meteo469/node/165.html]
[www.e-education.psu.edu/meteo469/node/166.html]
[www.e-education.psu.edu/meteo469/node/167.html]
[www.e-education.psu.edu/meteo469/node/168.html]
[www.e-education.psu.edu/meteo469/node/170.html]
[www.e-education.psu.edu/meteo469/node/171.html]
[www.e-education.psu.edu/meteo469/node/172.html]
[www.e-education.psu.edu/meteo469/node/173.html]
[www.e-education.psu.edu/meteo469/node/257.html]
[www.e-education.psu.edu/meteo469/print/book/export/html/174.html]
[www.e-education.psu.edu/meteo469/node/175.html]
[www.e-education.psu.edu/meteo469/node/220.html]
[www.e-education.psu.edu/meteo469/node/221.html]
[www.e-education.psu.edu/meteo469/node/176.html]
[www.e-education.psu.edu/meteo469/node/177.html]
[www.e-education.psu.edu/meteo469/node/232.html]
[www.e-education.psu.edu/meteo469/node/205.html]
[www.e-education.psu.edu/meteo469/node/258.html]
[www.e-education.psu.edu/meteo469/print/book/export/html/178.html]
[www.e-education.psu.edu/meteo469/node/179.html]
[www.e-education.psu.edu/meteo469/node/223.html]
[www.e-education.psu.edu/meteo469/node/180.html]
[www.e-education.psu.edu/meteo469/node/182.html]
[www.e-education.psu.edu/meteo469/node/224.html]
[www.e-education.psu.edu/meteo469/node/183.html]
[www.e-education.psu.edu/meteo469/node/184.html]
[www.e-education.psu.edu/meteo469/node/222.html]
[www.e-education.psu.edu/meteo469/node/235.html]
[www.e-education.psu.edu/meteo469/node/259.html]
[www.e-education.psu.edu/meteo469/print/book/export/html/185.html]
[www.e-education.psu.edu/meteo469/node/181.html]
[www.e-education.psu.edu/meteo469/node/225.html]
[www.e-education.psu.edu/meteo469/node/188.html]
[www.e-education.psu.edu/meteo469/node/226.html]
[www.e-education.psu.edu/meteo469/node/227.html]
[www.e-education.psu.edu/meteo469/node/189.html]
[www.e-education.psu.edu/meteo469/node/190.html]
[www.e-education.psu.edu/meteo469/node/192.html]
[www.e-education.psu.edu/meteo469/node/193.html]
[www.e-education.psu.edu/meteo469/node/236.html]
